// Jest Snapshot v1, https://goo.gl/fbAQLP

exports[`Firm Invite component creates and checks snapshot of FirmInvite component html 1`] = `
<div
  id="subHeaderWrapper"
  style={
    Object {
      "backgroundColor": "white",
      "display": "block",
      "fontFamily": "source-sans-pro, sans-serif",
      "marginBottom": "0px",
      "marginLeft": "auto",
      "marginRight": "auto",
      "padding": "20px",
      "textAlign": "left",
    }
  }
>
  <table
    align="center"
    border="0"
    cellPadding={0}
    cellSpacing={0}
    valign="top"
    width="100%"
  >
    <tbody>
      <tr>
        <td
          align="center"
        >
          <div
            style={
              Object {
                "margin": "auto",
                "width": "90%",
              }
            }
          >
            <div>
              <table
                align="center"
                border="0"
                cellPadding={0}
                cellSpacing={0}
                className="courseReview"
                valign="top"
                width="100%"
              >
                <tbody>
                  <tr>
                    <td
                      align="center"
                      style={
                        Object {
                          "padding": "20px",
                        }
                      }
                    >
                      <div
                        style={
                          Object {
                            "borderBottom": "1px solid grey",
                            "boxSizing": "border-box",
                            "height": "20px",
                            "margin": "auto",
                            "padding": "10px",
                            "position": "relative",
                            "textAlign": "center",
                            "width": "100%",
                          }
                        }
                      >
                        <span
                          style={
                            Object {
                              "backgroundColor": "#FFFFFF",
                              "boxSizing": "border-box",
                              "fontSize": "14pt",
                              "margin": "0",
                              "padding": "0px 20px",
                            }
                          }
                        >
                          header
                           Information
                        </span>
                      </div>
                    </td>
                  </tr>
                </tbody>
              </table>
            </div>
          </div>
        </td>
      </tr>
      <tr>
        <td>
          <div>
            <div>
              <p>
                Your account is waiting for you and there are only a couple quick steps to complete.
              </p>
              <ol>
                <li>
                  Click the button below to register your account.
                </li>
                <li>
                  On the registration page simply enter a password for your new account and click "Register".
                </li>
              </ol>
            </div>
          </div>
        </td>
      </tr>
      <tr>
        <td>
          <div>
            <div>
              <p>
                You're ready to explore the new tools and resources you have access to.
              </p>
              <div
                align="center"
                className="customButton"
                style={
                  Object {
                    "height": "100%",
                    "textAlign": "center",
                    "width": "100%",
                  }
                }
              >
                <a
                  href="https://app.prolaera.com/#/users/test@email.com"
                >
                  <button
                    className="buttonWidths"
                    style={
                      Object {
                        "backgroundColor": "undefined",
                        "borderColor": "undefined",
                        "borderRadius": "3px",
                        "borderStyle": "none",
                        "color": "#FFFFFF",
                        "fontSize": "10pt",
                        "height": "100%",
                        "padding": "14px 14px 14px 14px",
                        "textDecoration": "none",
                        "width": "100%",
                      }
                    }
                  >
                    Create Your Account
                  </button>
                </a>
              </div>
            </div>
          </div>
        </td>
      </tr>
    </tbody>
  </table>
</div>
`;
